-- MSSQL CREATE TABLE edfi_DomainEntityName
IF NOT EXISTS (SELECT * FROM sys.tables WHERE name = 'edfi_DomainEntityName' AND SCHEMA_NAME(schema_id) = 'dms')
BEGIN
    CREATE TABLE [dms].[edfi_DomainEntityName] (
    [Id] BIGINT PRIMARY KEY IDENTITY(1,1),
    [Document_Id] BIGINT NOT NULL,
    [Document_PartitionKey] SMALLINT NOT NULL,
    [StringIdentity] NVARCHAR(30) NOT NULL,
    [RequiredIntegerProperty] INT NOT NULL,
    [SchoolYear] INT,
    [CreateDate] DATETIME2 NOT NULL,
    [LastModifiedDate] DATETIME2 NOT NULL,
    [ChangeVersion] BIGINT NOT NULL
,
    CONSTRAINT [UQ_DomainEntityName_NaturalKey]
        UNIQUE ([StringIdentity])
    );
    PRINT 'Table edfi_DomainEntityName created.';
END
ELSE
    PRINT 'Table edfi_DomainEntityName already exists, skipped.';

IF NOT EXISTS (SELECT * FROM sys.indexes WHERE name = 'IX_DomainEntityName_Document' AND object_id = OBJECT_ID('[dms].[edfi_DomainEntityName]'))
BEGIN
    CREATE NONCLUSTERED INDEX [IX_DomainEntityName_Document]
        ON [dms].[edfi_DomainEntityName]([Document_Id], [Document_PartitionKey]);
    PRINT 'Index IX_DomainEntityName_Document created.';
END


-- Foreign Key Constraints

IF NOT EXISTS (SELECT * FROM sys.foreign_keys WHERE name = 'FK_DomainEntityName_Document')
BEGIN
    ALTER TABLE [dms].[edfi_DomainEntityName] ADD CONSTRAINT [FK_DomainEntityName_Document] FOREIGN KEY ([Document_Id], [Document_PartitionKey]) REFERENCES [dms].[Document]([Id], [DocumentPartitionKey]) ON DELETE CASCADE;
    PRINT 'Foreign key constraint FK_DomainEntityName_Document created.';
END
ELSE
    PRINT 'Foreign key constraint FK_DomainEntityName_Document already exists, skipped.';
GO


-- Natural Key Resolution Views

-- Natural Key Resolution View for DomainEntityName_View
IF NOT EXISTS (SELECT * FROM sys.views WHERE name = 'DomainEntityName_View' AND SCHEMA_NAME(schema_id) = 'dms')
BEGIN
    EXEC('CREATE VIEW [dms].[DomainEntityName_View] AS
    SELECT
        base.Id,
        base.Document_Id,
        base.Document_PartitionKey,
        base.StringIdentity,
        base.RequiredIntegerProperty,
        base.SchoolYear
    FROM [dms].[edfi_DomainEntityName] base');
    PRINT 'View DomainEntityName_View created.';
END
ELSE
    PRINT 'View DomainEntityName_View already exists, skipped.';
GO



