-- MSSQL CREATE TABLE edfi_School
IF NOT EXISTS (SELECT * FROM sys.tables WHERE name = 'edfi_School' AND SCHEMA_NAME(schema_id) = 'dms')
BEGIN
    CREATE TABLE [dms].[edfi_School] (
    [Id] BIGINT PRIMARY KEY IDENTITY(1,1),
    [Document_Id] BIGINT NOT NULL,
    [Document_PartitionKey] SMALLINT NOT NULL,
    [SchoolId] INT NOT NULL,
    [CharterApprovalSchoolYear_Id] BIGINT,
    [CreateDate] DATETIME2 NOT NULL,
    [LastModifiedDate] DATETIME2 NOT NULL,
    [ChangeVersion] BIGINT NOT NULL
,
    CONSTRAINT [UQ_School_NaturalKey]
        UNIQUE ([SchoolId])
    );
    PRINT 'Table edfi_School created.';
END
ELSE
    PRINT 'Table edfi_School already exists, skipped.';

IF NOT EXISTS (SELECT * FROM sys.indexes WHERE name = 'IX_School_CharterApprovalSchoolYear' AND object_id = OBJECT_ID('[dms].[edfi_School]'))
BEGIN
    CREATE NONCLUSTERED INDEX [IX_School_CharterApprovalSchoolYear]
        ON [dms].[edfi_School]([CharterApprovalSchoolYear_Id]);
    PRINT 'Index IX_School_CharterApprovalSchoolYear created.';
END
IF NOT EXISTS (SELECT * FROM sys.indexes WHERE name = 'IX_School_Document' AND object_id = OBJECT_ID('[dms].[edfi_School]'))
BEGIN
    CREATE NONCLUSTERED INDEX [IX_School_Document]
        ON [dms].[edfi_School]([Document_Id], [Document_PartitionKey]);
    PRINT 'Index IX_School_Document created.';
END

-- MSSQL CREATE TABLE edfi_SchoolYear
IF NOT EXISTS (SELECT * FROM sys.tables WHERE name = 'edfi_SchoolYear' AND SCHEMA_NAME(schema_id) = 'dms')
BEGIN
    CREATE TABLE [dms].[edfi_SchoolYear] (
    [Id] BIGINT PRIMARY KEY IDENTITY(1,1),
    [Document_Id] BIGINT NOT NULL,
    [Document_PartitionKey] SMALLINT NOT NULL,
    [SchoolYear] INT NOT NULL,
    [SchoolYearDescription] NVARCHAR(50) NOT NULL,
    [CreateDate] DATETIME2 NOT NULL,
    [LastModifiedDate] DATETIME2 NOT NULL,
    [ChangeVersion] BIGINT NOT NULL
,
    CONSTRAINT [UQ_SchoolYear_NaturalKey]
        UNIQUE ([SchoolYear])
    );
    PRINT 'Table edfi_SchoolYear created.';
END
ELSE
    PRINT 'Table edfi_SchoolYear already exists, skipped.';

IF NOT EXISTS (SELECT * FROM sys.indexes WHERE name = 'IX_SchoolYear_Document' AND object_id = OBJECT_ID('[dms].[edfi_SchoolYear]'))
BEGIN
    CREATE NONCLUSTERED INDEX [IX_SchoolYear_Document]
        ON [dms].[edfi_SchoolYear]([Document_Id], [Document_PartitionKey]);
    PRINT 'Index IX_SchoolYear_Document created.';
END


-- Foreign Key Constraints

IF NOT EXISTS (SELECT * FROM sys.foreign_keys WHERE name = 'FK_School_Document')
BEGIN
    ALTER TABLE [dms].[edfi_School] ADD CONSTRAINT [FK_School_Document] FOREIGN KEY ([Document_Id], [Document_PartitionKey]) REFERENCES [dms].[Document]([Id], [DocumentPartitionKey]) ON DELETE CASCADE;
    PRINT 'Foreign key constraint FK_School_Document created.';
END
ELSE
    PRINT 'Foreign key constraint FK_School_Document already exists, skipped.';
GO

IF NOT EXISTS (SELECT * FROM sys.foreign_keys WHERE name = 'FK_SchoolYear_Document')
BEGIN
    ALTER TABLE [dms].[edfi_SchoolYear] ADD CONSTRAINT [FK_SchoolYear_Document] FOREIGN KEY ([Document_Id], [Document_PartitionKey]) REFERENCES [dms].[Document]([Id], [DocumentPartitionKey]) ON DELETE CASCADE;
    PRINT 'Foreign key constraint FK_SchoolYear_Document created.';
END
ELSE
    PRINT 'Foreign key constraint FK_SchoolYear_Document already exists, skipped.';
GO


-- Natural Key Resolution Views

-- Natural Key Resolution View for School_View
IF NOT EXISTS (SELECT * FROM sys.views WHERE name = 'School_View' AND SCHEMA_NAME(schema_id) = 'dms')
BEGIN
    EXEC('CREATE VIEW [dms].[School_View] AS
    SELECT
        base.Id,
        base.Document_Id,
        base.Document_PartitionKey,
        base.SchoolId,
        base.CharterApprovalSchoolYear_Id
    FROM [dms].[edfi_School] base');
    PRINT 'View School_View created.';
END
ELSE
    PRINT 'View School_View already exists, skipped.';
GO



-- Natural Key Resolution View for SchoolYear_View
IF NOT EXISTS (SELECT * FROM sys.views WHERE name = 'SchoolYear_View' AND SCHEMA_NAME(schema_id) = 'dms')
BEGIN
    EXEC('CREATE VIEW [dms].[SchoolYear_View] AS
    SELECT
        base.Id,
        base.Document_Id,
        base.Document_PartitionKey,
        base.SchoolYear,
        base.SchoolYearDescription
    FROM [dms].[edfi_SchoolYear] base');
    PRINT 'View SchoolYear_View created.';
END
ELSE
    PRINT 'View SchoolYear_View already exists, skipped.';
GO



