CREATE SCHEMA IF NOT EXISTS dms;


CREATE TABLE IF NOT EXISTS dms.edfi_StudentSpecialEducationProgramAssociation (
    Id BIGSERIAL PRIMARY KEY,
    Document_Id BIGINT NOT NULL,
    Document_PartitionKey SMALLINT NOT NULL,
    ContentIdentifier VARCHAR(30) NOT NULL,
    IEPBeginDate TIMESTAMP WITH TIME ZONE NOT NULL,
    CreateDate TIMESTAMP NOT NULL,
    LastModifiedDate TIMESTAMP NOT NULL,
    ChangeVersion BIGINT NOT NULL
,
    CONSTRAINT UQ_StudentSpecialEducationProgramAssociation_NaturalKey
        UNIQUE (ContentIdentifier, IEPBeginDate)
);

CREATE INDEX IF NOT EXISTS IX_StudentSpecialEducationProgramAssociation_Document
    ON dms.edfi_StudentSpecialEducationProgramAssociation(Document_Id, Document_PartitionKey);


-- Foreign Key Constraints

ALTER TABLE dms.edfi_StudentSpecialEducationProgramAssociation
    ADD CONSTRAINT FK_StudentSpecialEducationProgramAssociation_Document
    FOREIGN KEY (Document_Id, Document_PartitionKey)
    REFERENCES dms.Document(Id, DocumentPartitionKey) ON DELETE CASCADE;

