CREATE SCHEMA IF NOT EXISTS dms;


CREATE TABLE IF NOT EXISTS dms.edfi_School (
    Id BIGSERIAL PRIMARY KEY,
    Document_Id BIGINT NOT NULL,
    Document_PartitionKey SMALLINT NOT NULL,
    SchoolId INTEGER NOT NULL,
    CreateDate TIMESTAMP NOT NULL,
    LastModifiedDate TIMESTAMP NOT NULL,
    ChangeVersion BIGINT NOT NULL
,
    CONSTRAINT UQ_School_NaturalKey
        UNIQUE (SchoolId)
);

CREATE INDEX IF NOT EXISTS IX_School_Document
    ON dms.edfi_School(Document_Id, Document_PartitionKey);


-- Foreign Key Constraints

ALTER TABLE dms.edfi_School
    ADD CONSTRAINT FK_School_Document
    FOREIGN KEY (Document_Id, Document_PartitionKey)
    REFERENCES dms.Document(Id, DocumentPartitionKey) ON DELETE CASCADE;

