CREATE SCHEMA IF NOT EXISTS dms;


CREATE TABLE IF NOT EXISTS dms.edfi_DomainEntityName (
    Id BIGSERIAL PRIMARY KEY,
    Document_Id BIGINT NOT NULL,
    Document_PartitionKey SMALLINT NOT NULL,
    StringIdentity VARCHAR(30) NOT NULL,
    RequiredIntegerProperty INTEGER NOT NULL,
    SchoolYear INTEGER,
    CreateDate TIMESTAMP NOT NULL,
    LastModifiedDate TIMESTAMP NOT NULL,
    ChangeVersion BIGINT NOT NULL
,
    CONSTRAINT UQ_DomainEntityName_NaturalKey
        UNIQUE (StringIdentity)
);

CREATE INDEX IF NOT EXISTS IX_DomainEntityName_Document
    ON dms.edfi_DomainEntityName(Document_Id, Document_PartitionKey);


-- Foreign Key Constraints

ALTER TABLE dms.edfi_DomainEntityName
    ADD CONSTRAINT FK_DomainEntityName_Document
    FOREIGN KEY (Document_Id, Document_PartitionKey)
    REFERENCES dms.Document(Id, DocumentPartitionKey) ON DELETE CASCADE;

