CREATE SCHEMA IF NOT EXISTS dms;



CREATE TABLE IF NOT EXISTS dms.edfi_Student (
    Id BIGSERIAL PRIMARY KEY,
    Document_Id BIGINT NOT NULL,
    Document_PartitionKey SMALLINT NOT NULL,
    StudentUniqueId VARCHAR(32) NOT NULL,
    CreateDate TIMESTAMP NOT NULL,
    LastModifiedDate TIMESTAMP NOT NULL,
    ChangeVersion BIGINT NOT NULL
);

CREATE INDEX IF NOT EXISTS IX_Student_Document
    ON dms.edfi_Student(Document_Id, Document_PartitionKey);


DO $$
BEGIN
    IF NOT EXISTS (
        SELECT 1 FROM pg_constraint WHERE lower(conname) = lower('UQ_Student_NaturalKey')
    ) THEN
        ALTER TABLE dms.edfi_Student ADD CONSTRAINT UQ_Student_NaturalKey
            UNIQUE (StudentUniqueId);
    END IF;
END$$;



CREATE TABLE IF NOT EXISTS dms.edfi_StudentAddress (
    Id BIGSERIAL PRIMARY KEY,
    Document_Id BIGINT NOT NULL,
    Document_PartitionKey SMALLINT NOT NULL,
    Student_Id BIGINT NOT NULL,
    AddressTypeDescriptorId INTEGER NOT NULL,
    CreateDate TIMESTAMP NOT NULL,
    LastModifiedDate TIMESTAMP NOT NULL,
    ChangeVersion BIGINT NOT NULL
);

CREATE INDEX IF NOT EXISTS IX_StudentAddress_Document
    ON dms.edfi_StudentAddress(Document_Id, Document_PartitionKey);




-- Foreign Key Constraints

DO $$
BEGIN
        IF NOT EXISTS (
            SELECT 1 FROM pg_constraint WHERE lower(conname) = lower('FK_Student_Document')
        ) THEN
            ALTER TABLE dms.edfi_Student ADD CONSTRAINT FK_Student_Document
                FOREIGN KEY (Document_Id, Document_PartitionKey)
                REFERENCES dms.Document(Id, DocumentPartitionKey) ON DELETE CASCADE;
        END IF;
END$$;

DO $$
BEGIN
        IF NOT EXISTS (
            SELECT 1 FROM pg_constraint WHERE lower(conname) = lower('FK_StudentAddress_Student')
        ) THEN
            ALTER TABLE dms.edfi_StudentAddress ADD CONSTRAINT FK_StudentAddress_Student
                FOREIGN KEY (Student_Id)
                REFERENCES dms.edfi_Student(Id) ON DELETE CASCADE;
        END IF;
END$$;

DO $$
BEGIN
        IF NOT EXISTS (
            SELECT 1 FROM pg_constraint WHERE lower(conname) = lower('FK_StudentAddress_Document')
        ) THEN
            ALTER TABLE dms.edfi_StudentAddress ADD CONSTRAINT FK_StudentAddress_Document
                FOREIGN KEY (Document_Id, Document_PartitionKey)
                REFERENCES dms.Document(Id, DocumentPartitionKey) ON DELETE CASCADE;
        END IF;
END$$;

