CREATE SCHEMA IF NOT EXISTS dms;


CREATE TABLE IF NOT EXISTS dms.edfi_GeneralStudentProgramAssociation (
    Id BIGSERIAL PRIMARY KEY,
    Document_Id BIGINT NOT NULL,
    Document_PartitionKey SMALLINT NOT NULL,
    StudentUniqueId VARCHAR(32) NOT NULL,
    ProgramEducationOrganizationId INTEGER NOT NULL,
    ProgramName VARCHAR(60) NOT NULL,
    ProgramTypeDescriptor BIGINT NOT NULL,
    BeginDate DATE NOT NULL,
    ServedOutsideOfRegularSession BOOLEAN,
    CreateDate TIMESTAMP NOT NULL,
    LastModifiedDate TIMESTAMP NOT NULL,
    ChangeVersion BIGINT NOT NULL
,
    CONSTRAINT UQ_GeneralStudentProgramAssociation_NaturalKey
        UNIQUE (StudentUniqueId, ProgramEducationOrganizationId, ProgramName, ProgramTypeDescriptor, BeginDate)
);

CREATE INDEX IF NOT EXISTS IX_GeneralStudentProgramAssociation_Document
    ON dms.edfi_GeneralStudentProgramAssociation(Document_Id, Document_PartitionKey);


-- Foreign Key Constraints

ALTER TABLE dms.edfi_GeneralStudentProgramAssociation
    ADD CONSTRAINT FK_GeneralStudentProgramAssociation_Document
    FOREIGN KEY (Document_Id, Document_PartitionKey)
    REFERENCES dms.Document(Id, DocumentPartitionKey) ON DELETE CASCADE;

